
> backend@0.0.1 test
> jest src/crypto/aes-gcm

node.exe : PASS src/crypto/aes-gcm/aes-gcm.spec.ts (5.525 s)
At D:\NodeJS\npm.ps1:29 char:3
+   & $NODE_EXE $NPM_CLI_JS $args
+   ~~~~~~~~~~~~~~~~~~~~~~~~~~~~~
    + CategoryInfo          : NotSpecified: (PASS src/crypto...ec.ts (5.525 s):String) [ 
   ], RemoteException
    + FullyQualifiedErrorId : NativeCommandError
 
  Pure TypeScript AES-256-GCM
    ΓêÜ should encrypt and decrypt mathematically matching Node standard crypto (26 ms)
    ΓêÜ should throw an error on invalid auth tag during decryption (32 ms)

Test Suites: 1 passed, 1 total
Tests:       2 passed, 2 total
Snapshots:   0 total
Time:        6.225 s, estimated 62 s
Ran all test suites matching /src\\crypto\\aes-gcm/i.
